ALSA lib confmisc.c:1377:(snd_func_refer) Unable to find definition 'cards.0.pcm.front.0:CARD=0'
ALSA lib conf.c:5204:(_snd_config_evaluate) function snd_func_refer returned error: No existe el archivo o el directorio
ALSA lib conf.c:5727:(snd_config_expand) Evaluate error: No existe el archivo o el directorio
ALSA lib pcm.c:2721:(snd_pcm_open_noupdate) Unknown PCM front
ALSA lib pcm.c:2721:(snd_pcm_open_noupdate) Unknown PCM cards.pcm.rear
ALSA lib pcm.c:2721:(snd_pcm_open_noupdate) Unknown PCM cards.pcm.center_lfe
ALSA lib pcm.c:2721:(snd_pcm_open_noupdate) Unknown PCM cards.pcm.side
ALSA lib confmisc.c:1377:(snd_func_refer) Unable to find definition 'cards.0.pcm.surround51.0:CARD=0'
ALSA lib conf.c:5204:(_snd_config_evaluate) function snd_func_refer returned error: No existe el archivo o el directorio
ALSA lib conf.c:5727:(snd_config_expand) Evaluate error: No existe el archivo o el directorio
ALSA lib pcm.c:2721:(snd_pcm_open_noupdate) Unknown PCM surround21
ALSA lib confmisc.c:1377:(snd_func_refer) Unable to find definition 'cards.0.pcm.surround51.0:CARD=0'
ALSA lib conf.c:5204:(_snd_config_evaluate) function snd_func_refer returned error: No existe el archivo o el directorio
ALSA lib conf.c:5727:(snd_config_expand) Evaluate error: No existe el archivo o el directorio
ALSA lib pcm.c:2721:(snd_pcm_open_noupdate) Unknown PCM surround21
ALSA lib confmisc.c:1377:(snd_func_refer) Unable to find definition 'cards.0.pcm.surround40.0:CARD=0'
ALSA lib conf.c:5204:(_snd_config_evaluate) function snd_func_refer returned error: No existe el archivo o el directorio
ALSA lib conf.c:5727:(snd_config_expand) Evaluate error: No existe el archivo o el directorio
ALSA lib pcm.c:2721:(snd_pcm_open_noupdate) Unknown PCM surround40
ALSA lib confmisc.c:1377:(snd_func_refer) Unable to find definition 'cards.0.pcm.surround51.0:CARD=0'
ALSA lib conf.c:5204:(_snd_config_evaluate) function snd_func_refer returned error: No existe el archivo o el directorio
ALSA lib conf.c:5727:(snd_config_expand) Evaluate error: No existe el archivo o el directorio
ALSA lib pcm.c:2721:(snd_pcm_open_noupdate) Unknown PCM surround41
ALSA lib confmisc.c:1377:(snd_func_refer) Unable to find definition 'cards.0.pcm.surround51.0:CARD=0'
ALSA lib conf.c:5204:(_snd_config_evaluate) function snd_func_refer returned error: No existe el archivo o el directorio
ALSA lib conf.c:5727:(snd_config_expand) Evaluate error: No existe el archivo o el directorio
ALSA lib pcm.c:2721:(snd_pcm_open_noupdate) Unknown PCM surround50
ALSA lib confmisc.c:1377:(snd_func_refer) Unable to find definition 'cards.0.pcm.surround51.0:CARD=0'
ALSA lib conf.c:5204:(_snd_config_evaluate) function snd_func_refer returned error: No existe el archivo o el directorio
ALSA lib conf.c:5727:(snd_config_expand) Evaluate error: No existe el archivo o el directorio
ALSA lib pcm.c:2721:(snd_pcm_open_noupdate) Unknown PCM surround51
ALSA lib confmisc.c:1377:(snd_func_refer) Unable to find definition 'cards.0.pcm.surround71.0:CARD=0'
ALSA lib conf.c:5204:(_snd_config_evaluate) function snd_func_refer returned error: No existe el archivo o el directorio
ALSA lib conf.c:5727:(snd_config_expand) Evaluate error: No existe el archivo o el directorio
ALSA lib pcm.c:2721:(snd_pcm_open_noupdate) Unknown PCM surround71
ALSA lib confmisc.c:1377:(snd_func_refer) Unable to find definition 'cards.0.pcm.iec958.0:CARD=0,AES0=4,AES1=130,AES2=0,AES3=2'
ALSA lib conf.c:5204:(_snd_config_evaluate) function snd_func_refer returned error: No existe el archivo o el directorio
ALSA lib conf.c:5727:(snd_config_expand) Evaluate error: No existe el archivo o el directorio
ALSA lib pcm.c:2721:(snd_pcm_open_noupdate) Unknown PCM iec958
ALSA lib confmisc.c:1377:(snd_func_refer) Unable to find definition 'cards.0.pcm.iec958.0:CARD=0,AES0=4,AES1=130,AES2=0,AES3=2'
ALSA lib conf.c:5204:(_snd_config_evaluate) function snd_func_refer returned error: No existe el archivo o el directorio
ALSA lib conf.c:5727:(snd_config_expand) Evaluate error: No existe el archivo o el directorio
ALSA lib pcm.c:2721:(snd_pcm_open_noupdate) Unknown PCM spdif
ALSA lib confmisc.c:1377:(snd_func_refer) Unable to find definition 'cards.0.pcm.iec958.0:CARD=0,AES0=4,AES1=130,AES2=0,AES3=2'
ALSA lib conf.c:5204:(_snd_config_evaluate) function snd_func_refer returned error: No existe el archivo o el directorio
ALSA lib conf.c:5727:(snd_config_expand) Evaluate error: No existe el archivo o el directorio
ALSA lib pcm.c:2721:(snd_pcm_open_noupdate) Unknown PCM spdif
ALSA lib pcm.c:2721:(snd_pcm_open_noupdate) Unknown PCM cards.pcm.hdmi
ALSA lib pcm.c:2721:(snd_pcm_open_noupdate) Unknown PCM cards.pcm.hdmi
ALSA lib pcm.c:2721:(snd_pcm_open_noupdate) Unknown PCM cards.pcm.modem
ALSA lib pcm.c:2721:(snd_pcm_open_noupdate) Unknown PCM cards.pcm.modem
ALSA lib pcm.c:2721:(snd_pcm_open_noupdate) Unknown PCM cards.pcm.phoneline
ALSA lib pcm.c:2721:(snd_pcm_open_noupdate) Unknown PCM cards.pcm.phoneline
ALSA lib pcm_oss.c:397:(_snd_pcm_oss_open) Cannot open device /dev/dsp
ALSA lib pcm_oss.c:397:(_snd_pcm_oss_open) Cannot open device /dev/dsp
ALSA lib pcm_a52.c:1001:(_snd_pcm_a52_open) a52 is only for playback
ALSA lib confmisc.c:1377:(snd_func_refer) Unable to find definition 'cards.0.pcm.iec958.0:CARD=0,AES0=6,AES1=130,AES2=0,AES3=2'
ALSA lib conf.c:5204:(_snd_config_evaluate) function snd_func_refer returned error: No existe el archivo o el directorio
ALSA lib conf.c:5727:(snd_config_expand) Evaluate error: No existe el archivo o el directorio
ALSA lib pcm.c:2721:(snd_pcm_open_noupdate) Unknown PCM iec958:{AES0 0x6 AES1 0x82 AES2 0x0 AES3 0x2 CARD 0}
ALSA lib confmisc.c:160:(snd_config_get_card) Invalid field card
ALSA lib pcm_usb_stream.c:482:(_snd_pcm_usb_stream_open) Invalid card 'card'
ALSA lib confmisc.c:160:(snd_config_get_card) Invalid field card
ALSA lib pcm_usb_stream.c:482:(_snd_pcm_usb_stream_open) Invalid card 'card'
Expression 'parameters->channelCount <= maxChans' failed in 'src/hostapi/alsa/pa_linux_alsa.c', line: 1514
Expression 'ValidateParameters( outputParameters, hostApi, StreamDirection_Out )' failed in 'src/hostapi/alsa/pa_linux_alsa.c', line: 1846
Expression 'parameters->channelCount <= maxChans' failed in 'src/hostapi/alsa/pa_linux_alsa.c', line: 1514
Expression 'ValidateParameters( outputParameters, hostApi, StreamDirection_Out )' failed in 'src/hostapi/alsa/pa_linux_alsa.c', line: 1846
Expression 'parameters->channelCount <= maxChans' failed in 'src/hostapi/alsa/pa_linux_alsa.c', line: 1514
Expression 'ValidateParameters( outputParameters, hostApi, StreamDirection_Out )' failed in 'src/hostapi/alsa/pa_linux_alsa.c', line: 1846
Expression 'parameters->channelCount <= maxChans' failed in 'src/hostapi/alsa/pa_linux_alsa.c', line: 1514
Expression 'ValidateParameters( outputParameters, hostApi, StreamDirection_Out )' failed in 'src/hostapi/alsa/pa_linux_alsa.c', line: 1846
Expression 'parameters->channelCount <= maxChans' failed in 'src/hostapi/alsa/pa_linux_alsa.c', line: 1514
Expression 'ValidateParameters( outputParameters, hostApi, StreamDirection_Out )' failed in 'src/hostapi/alsa/pa_linux_alsa.c', line: 1846
Expression 'parameters->channelCount <= maxChans' failed in 'src/hostapi/alsa/pa_linux_alsa.c', line: 1514
Expression 'ValidateParameters( outputParameters, hostApi, StreamDirection_Out )' failed in 'src/hostapi/alsa/pa_linux_alsa.c', line: 1846
Expression 'parameters->channelCount <= maxChans' failed in 'src/hostapi/alsa/pa_linux_alsa.c', line: 1514
Expression 'ValidateParameters( outputParameters, hostApi, StreamDirection_Out )' failed in 'src/hostapi/alsa/pa_linux_alsa.c', line: 1846
Expression 'parameters->channelCount <= maxChans' failed in 'src/hostapi/alsa/pa_linux_alsa.c', line: 1514
Expression 'ValidateParameters( outputParameters, hostApi, StreamDirection_Out )' failed in 'src/hostapi/alsa/pa_linux_alsa.c', line: 1846
Expression 'parameters->channelCount <= maxChans' failed in 'src/hostapi/alsa/pa_linux_alsa.c', line: 1514
Expression 'ValidateParameters( outputParameters, hostApi, StreamDirection_Out )' failed in 'src/hostapi/alsa/pa_linux_alsa.c', line: 1846
Expression 'parameters->channelCount <= maxChans' failed in 'src/hostapi/alsa/pa_linux_alsa.c', line: 1514
Expression 'ValidateParameters( outputParameters, hostApi, StreamDirection_Out )' failed in 'src/hostapi/alsa/pa_linux_alsa.c', line: 1846
Expression 'parameters->channelCount <= maxChans' failed in 'src/hostapi/alsa/pa_linux_alsa.c', line: 1514
Expression 'ValidateParameters( outputParameters, hostApi, StreamDirection_Out )' failed in 'src/hostapi/alsa/pa_linux_alsa.c', line: 1846
Expression 'parameters->channelCount <= maxChans' failed in 'src/hostapi/alsa/pa_linux_alsa.c', line: 1514
Expression 'ValidateParameters( outputParameters, hostApi, StreamDirection_Out )' failed in 'src/hostapi/alsa/pa_linux_alsa.c', line: 1846
Expression 'parameters->channelCount <= maxChans' failed in 'src/hostapi/alsa/pa_linux_alsa.c', line: 1514
Expression 'ValidateParameters( outputParameters, hostApi, StreamDirection_Out )' failed in 'src/hostapi/alsa/pa_linux_alsa.c', line: 1846
