Mon Apr 06 18:02:39 CEST 2026: YAACBootstrap starting...
os.name=Linux
os.version=6.17.0-20-generic
os.arch=amd64
locale=es_ES
java.version=21.0.10
java.class.version=65.0
JVM: Ubuntu OpenJDK 64-Bit Server VM 21.0.10+7-Ubuntu-124.04
java.class.path=/home/ramon/YAAC/YAAC.jar
Mon Apr 06 18:02:39 CEST 2026: YAACBootstrap finding installation directory....
JSSC found at /usr/share/java/jssc-2.8.0.jar
Mon Apr 06 18:02:39 CEST 2026: starting YAAC....
Mon Apr 06 18:02:39 CEST 2026: YAAC initializing on Linux 6.17.0-20-generic [amd64,es_ES] with Java 21.0.10, 8 cores, heap=7346/253952/4009984K
Mon Apr 06 18:02:39 CEST 2026: YAAC finding installation directory....
JSSC found at /usr/share/java/jssc-2.8.0.jar
Mon Apr 06 18:02:39 CEST 2026: YAAC checking if upgrader needs moving....
Mon Apr 06 18:02:39 CEST 2026: load cached preferences....
Mon Apr 06 18:02:39 CEST 2026: YAAC loading CoreProvider....
Mon Apr 06 18:02:39 CEST 2026: CoreProvider instantiated.
activating plugin --core-- name YAAC version 1.0-beta226(04-Mar-2026)
Mon Apr 06 18:02:40 CEST 2026: YAAC loading plugins....
scanning plugin JAR file /home/ramon/YAAC/plugins/sampleplugin.jar
attempting to load provider class org.ka2ddo.yaac.SamplePluginProvider
loading plugin /home/ramon/YAAC/plugins/sampleplugin.jar name YAAC Sample Plug-in version V0.2
SamplePluginProvider(org.ka2ddo.yaac.SamplePluginProvider in [file:/home/ramon/YAAC/plugins/sampleplugin.jar],dep=[])
activating plugin SamplePluginProvider name YAAC Sample Plug-in version V0.2
Mon Apr 06 18:02:40 CEST 2026: loading core GUI class....
Mon Apr 06 18:02:40 CEST 2026: YAAC raising splash screen....
Mon Apr 06 18:02:40 CEST 2026: load beacon definitions....
started Transmitter thread#3d5c822d
Mon Apr 06 18:02:40 CEST 2026: creating SymAttr objects for 1.0.1...
Mon Apr 06 18:02:40 CEST 2026: filling in text for 1.0.1 symbols...
Mon Apr 06 18:02:40 CEST 2026: load status definition....
Mon Apr 06 18:02:40 CEST 2026: set up raw packet data model....
Mon Apr 06 18:02:40 CEST 2026 CoreProvider.runInitializersAfter()
Mon Apr 06 18:02:40 CEST 2026: starting web server...
Mon Apr 06 18:02:40 CEST 2026 SamplePluginProvider.runInitializersAfter()
Mon Apr 06 18:02:40 CEST 2026: YAAC starting main GUI....
Mon Apr 06 18:02:40 CEST 2026: fixing JavaHelp linking...
Mon Apr 06 18:02:40 CEST 2026: setting up common GUI table models...
Mon Apr 06 18:02:40 CEST 2026: starting bulletin board monitor...
Mon Apr 06 18:02:40 CEST 2026: starting firstWindow=map
OpenMap(tm) Version 5.1.15
  Copyright (C) BBNT Solutions LLC.  All rights reserved.
  See http://openmap-java.org/ for details.

Mon Apr 06 18:02:40 CEST 2026: creating top map toolbar...
Mon Apr 06 18:02:40 CEST 2026: 1775491360708: starting to load symbol images...
1775491360737: finished loading 1.0.1 basic symbol images...
Mon Apr 06 18:02:40 CEST 2026: 1775491360737: done loading symbols.
Mon Apr 06 18:02:40 CEST 2026: adding map scale widget...
Mon Apr 06 18:02:40 CEST 2026: adding blinkenlight panel...
Mon Apr 06 18:02:40 CEST 2026: creating map footer...
Mon Apr 06 18:02:40 CEST 2026: setting up map hot-keys...
Mon Apr 06 18:02:40 CEST 2026: sizing alternate map window...
UI L&F=com.sun.java.swing.plaf.gtk.GTKLookAndFeel
   GTK look and feel
   com.sun.java.swing.plaf.gtk.GTKLookAndFeel$GnomeLayoutStyle@34abdee4
System L&F=com.sun.java.swing.plaf.gtk.GTKLookAndFeel
Mon Apr 06 18:02:40 CEST 2026: YAAC: GUI instantiated, now setting up GUI....
Mon Apr 06 18:02:40 CEST 2026: YAAC starting digipeater....
Mon Apr 06 18:02:40 CEST 2026: YAAC opening ports....
Mon Apr 06 18:02:40 CEST 2026: waiting for I/O starter for Port2:KISS-over-TCP to finish
   opening port PortConfig[Port2>KISS-over-TCP,localhost,8001,EA4GZI]
Mon Apr 06 18:02:40 CEST 2026: opening TCP socket to KISS TNC at localhost/127.0.0.1:8001
connecting TNCID#0 to localhost/127.0.0.1:8001
Mon Apr 06 18:02:40 CEST 2026: initializing local station EA4GZI
Mon Apr 06 18:02:41 CEST 2026: YAAC starting beacon and persistent objects....
Mon Apr 06 18:02:41 CEST 2026: YAAC removing splash screen....
Mon Apr 06 18:02:41 CEST 2026: YAAC creating main menu bar....
Mon Apr 06 18:02:41 CEST 2026: about to create RasterMapOverlay layer...
renderCurrentMap[#1]: ABORT 0(0)/0 ways(0ur), 0/0 nodes, 0 signs, 0 files(1 new,0 missing) in 12msec @ zoom=51170.902 [40.4835,-3.6946666]
Mon Apr 06 18:02:41 CEST 2026: about to create StationRenderer layer...
renderCurrentMap[#1]: ABORT 7(176)/34 ways(0ur), 0/0 nodes, 2 signs, 1 files(1 new,0 missing) in 16msec @ zoom=51170.902 [40.4835,-3.6946666]
renderCurrentMap[#1]: ABORT 8(277)/39 ways(0ur), 0/0 nodes, 3 signs, 1 files(0 new,0 missing) in 12msec @ zoom=51170.902 [40.4835,-3.6946666]
Mon Apr 06 18:02:41 CEST 2026: creating bookmark menu...
Mon Apr 06 18:02:41 CEST 2026: YAAC startup completed.
renderCurrentMap[#1]: ABORT 12(400)/76 ways(0ur), 0/0 nodes, 8 signs, 1 files(0 new,0 missing) in 21msec @ zoom=51170.902 [40.4835,-3.6946666]
KISS-over-TCP: localhost/127.0.0.1:8001[EA4GZI]: HARDWARE frame response (len=12): DIREWOLF 1.7
renderCurrentMap[#1]: 45622(292164)/1136511 ways(0ur), 49/287026 nodes, 49 signs, 2 files(1 new,0 missing) in 1016msec @ zoom=51170.902 [40.4835,-3.6946666]
renderCurrentMap[#2]: ABORT 22319(164617)/642660 ways(0ur), 0/0 nodes, 26 signs, 1 files(0 new,0 missing) in 294msec @ zoom=56287.992 [40.4835,-3.6946666]
renderCurrentMap[#2]: 57539(362605)/1136511 ways(0ur), 81/287026 nodes, 54 signs, 2 files(0 new,0 missing) in 741msec @ zoom=61916.793 [40.4835,-3.6946666]
renderCurrentMap[#1]: 63896(398522)/1136511 ways(0ur), 101/287026 nodes, 66 signs, 2 files(0 new,0 missing) in 621msec @ zoom=68108.48 [40.4835,-3.6946666]
